
Allocating common symbols
Common symbol       size              file

g_task_own_fpu      0x4               task.o
g_startup_time      0x4               machdep.o
task0               0x4               task.o
g_task_running      0x4               task.o
g_resched           0x4               task.o
g_intr_vector       0x40              startup.o
g_ram_zone          0x40              startup.o
g_volinfo           0x34              startup.o
g_task_head         0x4               task.o

Memory Configuration

Name             Origin             Length             Attributes
*default*        0x00000000         0xffffffff

Linker script and memory map

                0x00400000                __image_base__ = 0x400000
                0x00000000                __dll__ = 0x0
                0x00400000                ___ImageBase = 0x400000
                0x00001000                __section_alignment__ = 0x1000
                0x00000200                __file_alignment__ = 0x200
                0x00000004                __major_os_version__ = 0x4
                0x00000000                __minor_os_version__ = 0x0
                0x00000001                __major_image_version__ = 0x1
                0x00000000                __minor_image_version__ = 0x0
                0x00000004                __major_subsystem_version__ = 0x4
                0x00000000                __minor_subsystem_version__ = 0x0
                0x00000003                __subsystem__ = 0x3
                0x00200000                __size_of_stack_reserve__ = 0x200000
                0x00001000                __size_of_stack_commit__ = 0x1000
                0x00100000                __size_of_heap_reserve__ = 0x100000
                0x00001000                __size_of_heap_commit__ = 0x1000
                0x00000000                __loader_flags__ = 0x0
                0x00008000                __dll_characteristics__ = 0x8000
LOAD entry.o
LOAD ide.o
LOAD floppy.o
LOAD pci.o
LOAD vm86.o
LOAD kbd.o
LOAD timer.o
LOAD machdep.o
LOAD task.o
LOAD mktime.o
LOAD sem.o
LOAD page.o
LOAD startup.o
LOAD frame.o
LOAD kmalloc.o
LOAD dosfs.o
LOAD pe.o
LOAD elf.o
LOAD printk.o
LOAD bitmap.o
LOAD ../lib/softfloat.o
LOAD ../lib/string.o
LOAD ../lib/memcpy.o
LOAD ../lib/memset.o
LOAD ../lib/snprintf.o
LOAD ../lib/tlsf/tlsf.o
                0xc0100000                . = 0xc0100000

.text           0xc0100000     0x8800
 *(.text)
 .text          0xc0100000      0x95c entry.o
                0xc0100000                entry
                0xc0100036                exception_divide_error
                0xc010003c                exception_debug
                0xc0100042                exception_nmi
                0xc0100048                exception_breakpoint
                0xc010004e                exception_overflow
                0xc0100054                exception_bounds_check
                0xc010005a                exception_inval_opcode
                0xc0100060                exception_copr_not_avail
                0xc0100066                exception_double_fault
                0xc010006a                exception_copr_seg_overrun
                0xc0100070                exception_inval_tss
                0xc0100074                exception_segment_not_present
                0xc0100078                exception_stack_fault
                0xc010007c                exception_general_protection
                0xc0100080                exception_page_fault
                0xc0100084                exception_intel_reserved
                0xc010008a                exception_copr_error
                0xc0100090                exception_alignment_check
                0xc0100094                exception_machine_check
                0xc010009a                exception_simd_fp
                0xc0100117                int0x82_syscall
                0xc0100173                ret_from_syscall
                0xc01001ad                hwint00
                0xc0100222                hwint01
                0xc0100297                hwint02
                0xc010030c                hwint03
                0xc0100381                hwint04
                0xc01003f6                hwint05
                0xc010046b                hwint06
                0xc01004e0                hwint07
                0xc0100555                hwint08
                0xc01005cc                hwint09
                0xc0100643                hwint10
                0xc01006ba                hwint11
                0xc0100731                hwint12
                0xc01007a8                hwint13
                0xc010081f                hwint14
                0xc0100896                hwint15
                0xc010090d                lgdt
                0xc0100933                lidt
                0xc010093b                sys_vm86
 *fill*         0xc010095c        0x4 
 .text          0xc0100960      0x1f0 ide.o
                0xc0100960                ide_init
                0xc01009c0                ide_read_sector
                0xc0100aa0                ide_write_sector
 .text          0xc0100b50        0x0 floppy.o
 .text          0xc0100b50      0x2d8 pci.o
                0xc0100b50                pci_get_bar_addr
                0xc0100ba0                pci_get_bar_size
                0xc0100c40                pci_get_intr_line
                0xc0100c8c                pci_init
 *fill*         0xc0100e28        0x8 
 .text          0xc0100e30      0xa30 vm86.o
                0xc0100e30                vm86_init
                0xc0100ea0                vm86_emulate
 .text          0xc0101860      0x210 kbd.o
                0xc0101860                isr_keyboard
                0xc0101a50                sys_getchar
 .text          0xc0101a70      0x2f0 timer.o
                0xc0101af0                isr_timer
                0xc0101c10                calibrate_delay
                0xc0101d10                sys_sleep
                0xc0101d30                sys_nanosleep
 .text          0xc0101d60     0x1170 machdep.o
                0xc0101da0                sys_time
                0xc0101db0                enable_irq
                0xc0101df0                disable_irq
                0xc0101e30                switch_to
                0xc0101e60                sys_putchar
                0xc0101f90                sys_beep
                0xc0101fb0                exception
                0xc01021c0                syscall
                0xc0102600                cstart
 .text          0xc0102ed0      0x5e0 task.o
                0xc0102ed0                schedule
                0xc0102fb0                sleep_on
                0xc0103010                wake_up
                0xc0103040                sys_task_create
                0xc0103290                sys_task_exit
                0xc01032e0                sys_task_wait
                0xc0103390                sys_getpriority
                0xc01033e0                sys_setpriority
                0xc0103430                sys_task_getid
                0xc0103450                sys_task_yield
                0xc0103470                init_task
 .text          0xc01034b0       0xa0 mktime.o
                0xc01034b0                mktime
 .text          0xc0103550       0x40 sem.o
                0xc0103550                sys_sem_create
                0xc0103560                sys_sem_destroy
                0xc0103570                sys_sem_wait
                0xc0103580                sys_sem_signal
 .text          0xc0103590      0x520 page.o
                0xc0103590                init_vmspace
                0xc01035e0                page_alloc_in_addr
                0xc0103720                page_alloc
                0xc0103860                page_free
                0xc01038f0                page_prot
                0xc0103940                page_map
                0xc0103980                page_unmap
                0xc01039b0                do_page_fault
 .text          0xc0103ab0      0x2b0 startup.o
                0xc0103ab0                isr_default
                0xc0103ac0                DFS_ReadSector
                0xc0103b00                DFS_WriteSector
                0xc0103b40                start_user_task
                0xc0103c90                mi_startup
 .text          0xc0103d60      0x260 frame.o
                0xc0103d60                init_frame
                0xc0103e50                frame_alloc_in_addr
                0xc0103ee0                frame_alloc
                0xc0103f60                frame_free
 .text          0xc0103fc0       0xc0 kmalloc.o
                0xc0103fc0                kmalloc
                0xc0103fe4                krealloc
                0xc0104010                kfree
                0xc0104034                kmemalign
                0xc0104060                init_kmalloc
 .text          0xc0104080     0x2030 dosfs.o
                0xc0104080                ldiv
                0xc010409c                div
                0xc01040b8                DFS_GetPtnStart
                0xc0104194                DFS_GetVolInfo
                0xc0104350                DFS_GetFAT
                0xc0104570                DFS_SetFAT
                0xc010498c                DFS_CanonicalToDir
                0xc0104a00                DFS_GetFreeFAT
                0xc0104a60                DFS_GetNext
                0xc0104bdc                DFS_OpenDir
                0xc0104e58                DFS_GetFreeDirEnt
                0xc0104fd0                DFS_OpenFile
                0xc0105480                DFS_ReadFile
                0xc01057d4                DFS_Seek
                0xc01059c0                DFS_UnlinkFile
                0xc0105ae4                DFS_WriteFile
 .text          0xc01060b0      0x360 pe.o
                0xc01060b0                load_aout
 .text          0xc0106410        0x0 elf.o
 .text          0xc0106410       0x50 printk.o
                0xc0106410                printk
 .text          0xc0106460      0x464 bitmap.o
                0xc0106460                bitmap_buf_size
                0xc0106474                bitmap_size
                0xc010647c                bitmap_set
                0xc01064ac                bitmap_mark
                0xc01064cc                bitmap_reset
                0xc01064ec                bitmap_flip
                0xc010650c                bitmap_test
                0xc0106530                bitmap_set_multiple
                0xc0106570                bitmap_set_all
                0xc010659c                bitmap_create_in_buf
                0xc01065c8                bitmap_count
                0xc0106618                bitmap_contains
                0xc010668c                bitmap_any
                0xc01066ec                bitmap_none
                0xc0106748                bitmap_all
                0xc01067a4                bitmap_scan
                0xc0106868                bitmap_scan_and_flip
 .text          0xc01068c4      0x204 ../lib/softfloat.o
                0xc01068c4                __udivmoddi4
                0xc010697c                __divdi3
                0xc01069e4                __moddi3
                0xc0106a58                __udivdi3
                0xc0106a8c                __umoddi3
 .text          0xc0106ac8      0x2a0 ../lib/string.o
                0xc0106ac8                memcmp
                0xc0106af0                memmove
                0xc0106b40                memchr
                0xc0106b68                strcat
                0xc0106b8c                strcmp
                0xc0106bb8                strncmp
                0xc0106c04                strchr
                0xc0106c28                strrchr
                0xc0106c4c                strstr
                0xc0106cec                strcpy
                0xc0106d0c                strlen
                0xc0106d24                strncpy
 .text          0xc0106d68      0x530 ../lib/memcpy.o
                0xc0106d68                memcpy
 .text          0xc0107298       0x9c ../lib/memset.o
                0xc0107298                memset
 .text          0xc0107334      0x940 ../lib/snprintf.o
                0xc0107584                vsnprintf
                0xc0107c3c                snprintf
 .text          0xc0107c74      0x9b4 ../lib/tlsf/tlsf.o
                0xc0107ff0                tlsf_check
                0xc01080f4                tlsf_walk_pool
                0xc0108160                tlsf_block_size
                0xc0108174                tlsf_check_pool
                0xc01081ac                tlsf_size
                0xc01081b4                tlsf_align_size
                0xc01081bc                tlsf_block_size_min
                0xc01081c4                tlsf_block_size_max
                0xc01081cc                tlsf_pool_overhead
                0xc01081d4                tlsf_alloc_overhead
                0xc01081dc                tlsf_add_pool
                0xc010822c                tlsf_remove_pool
                0xc0108274                tlsf_create
                0xc01082c0                tlsf_create_with_pool
                0xc010833c                tlsf_destroy
                0xc0108340                tlsf_get_pool
                0xc010834c                tlsf_malloc
                0xc0108378                tlsf_memalign
                0xc0108458                tlsf_free
                0xc01084cc                tlsf_realloc
                0xc0108628                . = ALIGN (0x4)

.rodata
 *(.rodata)

.rdata          0xc0108640     0x1200
 *(.rdata)
 .rdata         0xc0108640       0x3c ide.o
 .rdata         0xc010867c      0x240 vm86.o
 *fill*         0xc01088bc        0x4 
 .rdata         0xc01088c0      0x760 kbd.o
 .rdata         0xc0109020       0x44 timer.o
 .rdata         0xc0109064      0x1e0 machdep.o
 *fill*         0xc0109244       0x1c 
 .rdata         0xc0109260       0x40 mktime.o
 .rdata         0xc01092a0       0x54 page.o
 .rdata         0xc01092f4      0x144 startup.o
 .rdata         0xc0109438       0x24 frame.o
 .rdata         0xc010945c       0x8c pe.o
 .rdata         0xc01094e8       0x20 ../lib/memcpy.o
 .rdata         0xc0109508      0x1dc ../lib/snprintf.o
 .rdata$zzz     0xc01096e4       0x14 ide.o
 .rdata$zzz     0xc01096f8       0x14 vm86.o
 .rdata$zzz     0xc010970c       0x14 kbd.o
 .rdata$zzz     0xc0109720       0x14 timer.o
 .rdata$zzz     0xc0109734       0x14 machdep.o
 .rdata$zzz     0xc0109748       0x14 task.o
 .rdata$zzz     0xc010975c       0x14 sem.o
 .rdata$zzz     0xc0109770       0x14 page.o
 .rdata$zzz     0xc0109784       0x14 startup.o
 .rdata$zzz     0xc0109798       0x14 frame.o
 .rdata$zzz     0xc01097ac       0x14 printk.o

.buildid        0xc010a000      0x200
 .buildid       0xc010a000       0x35 entry.o

.eh_frame       0xc010b000     0x2400
 .eh_frame      0xc010b000       0xc4 ide.o
 .eh_frame      0xc010b0c4      0x100 pci.o
 .eh_frame      0xc010b1c4       0xb4 vm86.o
 .eh_frame      0xc010b278       0x50 kbd.o
 .eh_frame      0xc010b2c8      0x12c timer.o
 .eh_frame      0xc010b3f4      0x3c4 machdep.o
 .eh_frame      0xc010b7b8      0x204 task.o
 .eh_frame      0xc010b9bc       0x40 mktime.o
 .eh_frame      0xc010b9fc       0x68 sem.o
 .eh_frame      0xc010ba64      0x258 page.o
 .eh_frame      0xc010bcbc      0x1dc startup.o
 .eh_frame      0xc010be98      0x190 frame.o
 .eh_frame      0xc010c028       0xb0 kmalloc.o
 .eh_frame      0xc010c0d8      0x4e8 dosfs.o
 .eh_frame      0xc010c5c0       0x70 pe.o
 .eh_frame      0xc010c630       0x6c printk.o
 .eh_frame      0xc010c69c      0x310 bitmap.o
 .eh_frame      0xc010c9ac      0x108 ../lib/softfloat.o
 .eh_frame      0xc010cab4      0x1f8 ../lib/string.o
 .eh_frame      0xc010ccac       0x70 ../lib/memcpy.o
 .eh_frame      0xc010cd1c       0x64 ../lib/memset.o
 .eh_frame      0xc010cd80       0xb8 ../lib/snprintf.o
 .eh_frame      0xc010ce38      0x4f4 ../lib/tlsf/tlsf.o

.data           0xc010d340     0x2200
 *(.data)
 .data          0xc010d340     0x2000 entry.o
                0xc010f340                tmp_stack
 .data          0xc010f340        0x0 ide.o
 .data          0xc010f340        0x0 floppy.o
 .data          0xc010f340        0x0 pci.o
 .data          0xc010f340        0x0 vm86.o
 .data          0xc010f340        0x0 kbd.o
 .data          0xc010f340        0x0 timer.o
 .data          0xc010f340       0x40 machdep.o
 .data          0xc010f380        0x0 task.o
 .data          0xc010f380        0x0 mktime.o
 .data          0xc010f380        0x0 sem.o
 .data          0xc010f380        0x0 page.o
 .data          0xc010f380        0x8 startup.o
                0xc010f380                PTD
                0xc010f384                PT
 .data          0xc010f388        0x0 frame.o
 .data          0xc010f388        0x0 kmalloc.o
 .data          0xc010f388        0x0 dosfs.o
 .data          0xc010f388        0x0 pe.o
 .data          0xc010f388        0x0 elf.o
 .data          0xc010f388        0x0 printk.o
 .data          0xc010f388        0x0 bitmap.o
 .data          0xc010f388        0x0 ../lib/softfloat.o
 .data          0xc010f388        0x0 ../lib/string.o
 .data          0xc010f388        0x0 ../lib/memcpy.o
 .data          0xc010f388        0x0 ../lib/memset.o
 .data          0xc010f388        0x0 ../lib/snprintf.o
 .data          0xc010f388        0x0 ../lib/tlsf/tlsf.o

.drectve        0xc0110000      0x200
 .drectve       0xc0110000       0x20 machdep.o
 .drectve       0xc0110020       0x8c task.o
 .drectve       0xc01100ac       0x54 startup.o
                0xc0110100                . = ALIGN (0x4)
                0xc0110100                _edata = .

.bss            0xc0110100     0x16b4
 *(.bss)
 .bss           0xc0110100        0x0 entry.o
 .bss           0xc0110100        0x0 ide.o
 .bss           0xc0110100        0x0 floppy.o
 .bss           0xc0110100     0x1060 pci.o
 .bss           0xc0111160        0x0 vm86.o
 .bss           0xc0111160       0x40 kbd.o
 .bss           0xc01111a0        0xc timer.o
                0xc01111a0                g_load_avg
                0xc01111a4                g_timer_ticks
 *fill*         0xc01111ac       0x14 
 .bss           0xc01111c0      0x4a0 machdep.o
 .bss           0xc0111660        0x4 task.o
 .bss           0xc0111664        0x0 mktime.o
 .bss           0xc0111664        0x0 sem.o
 .bss           0xc0111664       0x18 page.o
 .bss           0xc011167c        0x0 startup.o
 *fill*         0xc011167c        0x4 
 .bss           0xc0111680       0x60 frame.o
 .bss           0xc01116e0        0x4 kmalloc.o
 .bss           0xc01116e4        0x0 dosfs.o
 .bss           0xc01116e4        0x0 pe.o
 .bss           0xc01116e4        0x0 elf.o
 .bss           0xc01116e4        0x0 printk.o
 .bss           0xc01116e4        0x0 bitmap.o
 .bss           0xc01116e4        0x0 ../lib/softfloat.o
 .bss           0xc01116e4        0x0 ../lib/string.o
 .bss           0xc01116e4        0x0 ../lib/memcpy.o
 .bss           0xc01116e4        0x0 ../lib/memset.o
 .bss           0xc01116e4        0x0 ../lib/snprintf.o
 .bss           0xc01116e4        0x0 ../lib/tlsf/tlsf.o
 *(COMMON)
 COMMON         0xc01116e4        0x4 machdep.o
                0xc01116e4                g_startup_time
 COMMON         0xc01116e8       0x14 task.o
                0xc01116e8                g_task_own_fpu
                0xc01116ec                task0
                0xc01116f0                g_task_running
                0xc01116f4                g_resched
                0xc01116f8                g_task_head
 *fill*         0xc01116fc        0x4 
 COMMON         0xc0111700       0xb4 startup.o
                0xc0111700                g_intr_vector
                0xc0111740                g_ram_zone
                0xc0111780                g_volinfo
                0xc01117b4                . = ALIGN (0x4)
                0xc01117b4                _end = .
OUTPUT(eposkrnl.out pei-i386)

.debug_info     0x00000000    0x14c00
 .debug_info    0x00000000     0x1924 ide.o
 .debug_info    0x00001924      0xad3 pci.o
 .debug_info    0x000023f7     0x100d vm86.o
 .debug_info    0x00003404      0x8cc kbd.o
 .debug_info    0x00003cd0      0xba1 timer.o
 .debug_info    0x00004871     0x387e machdep.o
 .debug_info    0x000080ef      0xd54 task.o
 .debug_info    0x00008e43      0x1f7 mktime.o
 .debug_info    0x0000903a      0x665 sem.o
 .debug_info    0x0000969f      0xb98 page.o
 .debug_info    0x0000a237      0xbb5 startup.o
 .debug_info    0x0000adec      0x8f5 frame.o
 .debug_info    0x0000b6e1      0x3fc kmalloc.o
 .debug_info    0x0000badd     0x26d2 dosfs.o
 .debug_info    0x0000e1af     0x1148 pe.o
 .debug_info    0x0000f2f7      0x694 printk.o
 .debug_info    0x0000f98b      0xdc6 bitmap.o
 .debug_info    0x00010751      0x37c ../lib/softfloat.o
 .debug_info    0x00010acd      0x5c4 ../lib/string.o
 .debug_info    0x00011091      0x2f7 ../lib/memcpy.o
 .debug_info    0x00011388      0x1b1 ../lib/memset.o
 .debug_info    0x00011539      0x9d6 ../lib/snprintf.o
 .debug_info    0x00011f0f     0x2c9e ../lib/tlsf/tlsf.o

.debug_abbrev   0x00000000     0x3000
 .debug_abbrev  0x00000000      0x1e3 ide.o
 .debug_abbrev  0x000001e3      0x1aa pci.o
 .debug_abbrev  0x0000038d      0x281 vm86.o
 .debug_abbrev  0x0000060e      0x20b kbd.o
 .debug_abbrev  0x00000819      0x281 timer.o
 .debug_abbrev  0x00000a9a      0x54c machdep.o
 .debug_abbrev  0x00000fe6      0x394 task.o
 .debug_abbrev  0x0000137a       0xb5 mktime.o
 .debug_abbrev  0x0000142f       0xf5 sem.o
 .debug_abbrev  0x00001524      0x286 page.o
 .debug_abbrev  0x000017aa      0x1f8 startup.o
 .debug_abbrev  0x000019a2      0x180 frame.o
 .debug_abbrev  0x00001b22       0xfe kmalloc.o
 .debug_abbrev  0x00001c20      0x332 dosfs.o
 .debug_abbrev  0x00001f52      0x1e2 pe.o
 .debug_abbrev  0x00002134      0x12a printk.o
 .debug_abbrev  0x0000225e      0x2e7 bitmap.o
 .debug_abbrev  0x00002545      0x131 ../lib/softfloat.o
 .debug_abbrev  0x00002676      0x17d ../lib/string.o
 .debug_abbrev  0x000027f3       0xab ../lib/memcpy.o
 .debug_abbrev  0x0000289e       0x85 ../lib/memset.o
 .debug_abbrev  0x00002923      0x226 ../lib/snprintf.o
 .debug_abbrev  0x00002b49      0x4b6 ../lib/tlsf/tlsf.o

.debug_loc      0x00000000     0xf600
 .debug_loc     0x00000000      0xb9f ide.o
 .debug_loc     0x00000b9f      0x90b pci.o
 .debug_loc     0x000014aa     0x1358 vm86.o
 .debug_loc     0x00002802      0x29c kbd.o
 .debug_loc     0x00002a9e      0x5a3 timer.o
 .debug_loc     0x00003041     0x20ab machdep.o
 .debug_loc     0x000050ec      0x691 task.o
 .debug_loc     0x0000577d       0xfb mktime.o
 .debug_loc     0x00005878      0x8f5 page.o
 .debug_loc     0x0000616d      0x204 startup.o
 .debug_loc     0x00006371      0x2aa frame.o
 .debug_loc     0x0000661b      0x188 kmalloc.o
 .debug_loc     0x000067a3     0x2c85 dosfs.o
 .debug_loc     0x00009428      0x367 pe.o
 .debug_loc     0x0000978f       0x93 printk.o
 .debug_loc     0x00009822      0xae5 bitmap.o
 .debug_loc     0x0000a307      0x514 ../lib/softfloat.o
 .debug_loc     0x0000a81b      0x9e4 ../lib/string.o
 .debug_loc     0x0000b1ff      0x979 ../lib/memcpy.o
 .debug_loc     0x0000bb78      0x23e ../lib/memset.o
 .debug_loc     0x0000bdb6     0x1562 ../lib/snprintf.o
 .debug_loc     0x0000d318     0x21b5 ../lib/tlsf/tlsf.o

.debug_aranges  0x00000000      0x400
 .debug_aranges
                0x00000000       0x20 ide.o
 .debug_aranges
                0x00000020       0x20 pci.o
 .debug_aranges
                0x00000040       0x20 vm86.o
 .debug_aranges
                0x00000060       0x20 kbd.o
 .debug_aranges
                0x00000080       0x20 timer.o
 .debug_aranges
                0x000000a0       0x20 machdep.o
 .debug_aranges
                0x000000c0       0x20 task.o
 .debug_aranges
                0x000000e0       0x20 mktime.o
 .debug_aranges
                0x00000100       0x20 sem.o
 .debug_aranges
                0x00000120       0x20 page.o
 .debug_aranges
                0x00000140       0x20 startup.o
 .debug_aranges
                0x00000160       0x20 frame.o
 .debug_aranges
                0x00000180       0x20 kmalloc.o
 .debug_aranges
                0x000001a0       0x20 dosfs.o
 .debug_aranges
                0x000001c0       0x20 pe.o
 .debug_aranges
                0x000001e0       0x20 printk.o
 .debug_aranges
                0x00000200       0x20 bitmap.o
 .debug_aranges
                0x00000220       0x20 ../lib/softfloat.o
 .debug_aranges
                0x00000240       0x20 ../lib/string.o
 .debug_aranges
                0x00000260       0x20 ../lib/memcpy.o
 .debug_aranges
                0x00000280       0x20 ../lib/memset.o
 .debug_aranges
                0x000002a0       0x20 ../lib/snprintf.o
 .debug_aranges
                0x000002c0       0x20 ../lib/tlsf/tlsf.o

.debug_ranges   0x00000000     0x1a00
 .debug_ranges  0x00000000      0x1e8 ide.o
 .debug_ranges  0x000001e8      0x180 pci.o
 .debug_ranges  0x00000368      0x270 vm86.o
 .debug_ranges  0x000005d8       0x38 kbd.o
 .debug_ranges  0x00000610       0xb8 timer.o
 .debug_ranges  0x000006c8      0x760 machdep.o
 .debug_ranges  0x00000e28       0x88 task.o
 .debug_ranges  0x00000eb0       0x18 page.o
 .debug_ranges  0x00000ec8       0x18 startup.o
 .debug_ranges  0x00000ee0       0x18 frame.o
 .debug_ranges  0x00000ef8      0x370 dosfs.o
 .debug_ranges  0x00001268       0x20 pe.o
 .debug_ranges  0x00001288      0x2d0 bitmap.o
 .debug_ranges  0x00001558       0x30 ../lib/softfloat.o
 .debug_ranges  0x00001588       0x40 ../lib/string.o
 .debug_ranges  0x000015c8       0x48 ../lib/memcpy.o
 .debug_ranges  0x00001610       0xa0 ../lib/snprintf.o
 .debug_ranges  0x000016b0      0x1d8 ../lib/tlsf/tlsf.o

.debug_line     0x00000000     0x5c08
 .debug_line    0x00000000      0x8fb ide.o
 .debug_line    0x000008fb        0x0 floppy.o
 .debug_line    0x000008fb      0x10c pci.o
 .debug_line    0x00000a07      0xa7c vm86.o
 .debug_line    0x00001483      0x298 kbd.o
 .debug_line    0x0000171b      0x3e5 timer.o
 .debug_line    0x00001b00     0x16be machdep.o
 .debug_line    0x000031be      0x797 task.o
 .debug_line    0x00003955       0x7f mktime.o
 .debug_line    0x000039d4       0x94 sem.o
 .debug_line    0x00003a68      0x620 page.o
 .debug_line    0x00004088      0x257 startup.o
 .debug_line    0x000042df      0x29b frame.o
 .debug_line    0x0000457a       0x9b kmalloc.o
 .debug_line    0x00004615      0x6a1 dosfs.o
 .debug_line    0x00004cb6      0x109 pe.o
 .debug_line    0x00004dbf        0x0 elf.o
 .debug_line    0x00004dbf       0xd6 printk.o
 .debug_line    0x00004e95      0x1fb bitmap.o
 .debug_line    0x00005090       0xaa ../lib/softfloat.o
 .debug_line    0x0000513a      0x120 ../lib/string.o
 .debug_line    0x0000525a      0x165 ../lib/memcpy.o
 .debug_line    0x000053bf       0xbf ../lib/memset.o
 .debug_line    0x0000547e      0x296 ../lib/snprintf.o
 .debug_line    0x00005714      0x454 ../lib/tlsf/tlsf.o

.debug_str      0x00000000      0x600
 .debug_str     0x00000000        0x0 ide.o
 .debug_str     0x00000000        0xf pci.o
 .debug_str     0x0000000f       0x15 vm86.o
 .debug_str     0x00000024        0x9 kbd.o
 .debug_str     0x0000002d        0xf timer.o
 .debug_str     0x0000003c      0x11e machdep.o
 .debug_str     0x0000015a       0x24 task.o
 .debug_str     0x0000017e        0x0 sem.o
 .debug_str     0x0000017e       0x19 page.o
 .debug_str     0x00000197       0xe2 startup.o
 .debug_str     0x00000279       0x62 frame.o
 .debug_str     0x000002db        0xc kmalloc.o
 .debug_str     0x000002e7       0xb5 dosfs.o
 .debug_str     0x0000039c       0x28 pe.o
 .debug_str     0x000003c4       0x16 printk.o
 .debug_str     0x000003da       0x1c bitmap.o
 .debug_str     0x000003f6       0x17 ../lib/memcpy.o
 .debug_str     0x0000040d       0x16 ../lib/snprintf.o
 .debug_str     0x00000423       0x6e ../lib/tlsf/tlsf.o
